warning: use of deprecated method `soroban_sdk::Env::register_stellar_asset_contract`: use [Env::register_stellar_asset_contract_v2]
   --> contracts/escrow_vault/src/lib.rs:136:22
    |
136 | ...r = e.register_stellar_asset_contract(admin....
    |          ^^^^^^^^^^^^^^^^^^^^^^^^^^^^^^^
    |
    = note: `#[warn(deprecated)]` on by default

warning: unused variable: `token`
   --> contracts/escrow_vault/src/lib.rs:188:26
    |
188 | ...t (token_addr, token, token_admin) = create_...
    |                   ^^^^^ help: if this is intentional, prefix it with an underscore: `_token`
    |
    = note: `#[warn(unused_variables)]` (part of `#[warn(unused)]`) on by default

warning: `escrow_vault` (lib test) generated 2 warnings (run `cargo fix --lib -p escrow_vault --tests` to apply 1 suggestion)
    Finished `test` profile [unoptimized + debuginfo] target(s) in 4.29s
     Running unittests src/lib.rs (target/debug/deps/escrow_vault-dc384f5c13479e15)

running 2 tests
Writing test snapshot file for test "test::test_lock_and_release" to "test_snapshots/test/test_lock_and_release.1.json".

thread 'test::test_double_release_protection' (5228) panicked at /home/hpsarthak87/.cargo/registry/src/index.crates.io-1949cf8c6b5b557f/soroban-env-host-21.2.1/src/host.rs:768:9:
HostError: Error(WasmVm, InvalidAction)

Event log (newest first):
   0: [Diagnostic Event] topics:[error, Error(WasmVm, InvalidAction)], data:"escalating error to panic"
   1: [Diagnostic Event] topics:[error, Error(WasmVm, InvalidAction)], data:["contract call failed", release, [1, CAAAAAAAAAAAAAAAAAAAAAAAAAAAAAAAAAAAAAAAAAAAAAAAAAAAITA4]]
   2: [Failed Diagnostic Event (not emitted)] contract:CAAAAAAAAAAAAAAAAAAAAAAAAAAAAAAAAAAAAAAAAAAAAAAAAAAAMDR4, topics:[error, Error(WasmVm, InvalidAction)], data:"caught error from function"
   3: [Failed Diagnostic Event (not emitted)] contract:CAAAAAAAAAAAAAAAAAAAAAAAAAAAAAAAAAAAAAAAAAAAAAAAAAAAMDR4, topics:[log], data:["caught panic 'Already released' from contract function 'Symbol(release)'", 1, CAAAAAAAAAAAAAAAAAAAAAAAAAAAAAAAAAAAAAAAAAAAAAAAAAAAITA4]
   4: [Diagnostic Event] topics:[fn_call, Bytes(0000000000000000000000000000000000000000000000000000000000000006), release], data:[1, CAAAAAAAAAAAAAAAAAAAAAAAAAAAAAAAAAAAAAAAAAAAAAAAAAAAITA4]
   5: [Diagnostic Event] contract:CAAAAAAAAAAAAAAAAAAAAAAAAAAAAAAAAAAAAAAAAAAAAAAAAAAAMDR4, topics:[fn_return, release], data:Void
   6: [Contract Event] contract:CAAAAAAAAAAAAAAAAAAAAAAAAAAAAAAAAAAAAAAAAAAAAAAAAAAAMDR4, topics:[ESCROW, RELEASED], data:[1, CAAAAAAAAAAAAAAAAAAAAAAAAAAAAAAAAAAAAAAAAAAAAAAAAAAAHK3M, 500]
   7: [Diagnostic Event] contract:CDLDVFKHEZ2RVB3NG4UQA4VPD3TSHV6XMHXMHP2BSGCJ2IIWVTOHGDSG, topics:[fn_return, transfer], data:Void
   8: [Contract Event] contract:CDLDVFKHEZ2RVB3NG4UQA4VPD3TSHV6XMHXMHP2BSGCJ2IIWVTOHGDSG, topics:[transfer, CAAAAAAAAAAAAAAAAAAAAAAAAAAAAAAAAAAAAAAAAAAAAAAAAAAAMDR4, CAAAAAAAAAAAAAAAAAAAAAAAAAAAAAAAAAAAAAAAAAAAAAAAAAAAHK3M, "aaa:GAAAAAAAAAAAAAAAAAAAAAAAAAAAAAAAAAAAAAAAAAAAAAAAAAAAL7NV"], data:500
   9: [Diagnostic Event] contract:CAAAAAAAAAAAAAAAAAAAAAAAAAAAAAAAAAAAAAAAAAAAAAAAAAAAMDR4, topics:[fn_call, Bytes(d63a954726751a876d37290072af1ee723d7d761eec3bf4191849d2116acdc73), transfer], data:[CAAAAAAAAAAAAAAAAAAAAAAAAAAAAAAAAAAAAAAAAAAAAAAAAAAAMDR4, CAAAAAAAAAAAAAAAAAAAAAAAAAAAAAAAAAAAAAAAAAAAAAAAAAAAHK3M, 500]
   10: [Diagnostic Event] topics:[fn_call, Bytes(0000000000000000000000000000000000000000000000000000000000000006), release], data:[1, CAAAAAAAAAAAAAAAAAAAAAAAAAAAAAAAAAAAAAAAAAAAAAAAAAAAITA4]
   11: [Diagnostic Event] contract:CAAAAAAAAAAAAAAAAAAAAAAAAAAAAAAAAAAAAAAAAAAAAAAAAAAAMDR4, topics:[fn_return, lock], data:Void
   12: [Contract Event] contract:CAAAAAAAAAAAAAAAAAAAAAAAAAAAAAAAAAAAAAAAAAAAAAAAAAAAMDR4, topics:[ESCROW, LOCKED], data:[1, CAAAAAAAAAAAAAAAAAAAAAAAAAAAAAAAAAAAAAAAAAAAAAAAAAAAFCT4, CAAAAAAAAAAAAAAAAAAAAAAAAAAAAAAAAAAAAAAAAAAAAAAAAAAAHK3M, 500]
   13: [Diagnostic Event] contract:CDLDVFKHEZ2RVB3NG4UQA4VPD3TSHV6XMHXMHP2BSGCJ2IIWVTOHGDSG, topics:[fn_return, transfer], data:Void
   14: [Contract Event] contract:CDLDVFKHEZ2RVB3NG4UQA4VPD3TSHV6XMHXMHP2BSGCJ2IIWVTOHGDSG, topics:[transfer, CAAAAAAAAAAAAAAAAAAAAAAAAAAAAAAAAAAAAAAAAAAAAAAAAAAAFCT4, CAAAAAAAAAAAAAAAAAAAAAAAAAAAAAAAAAAAAAAAAAAAAAAAAAAAMDR4, "aaa:GAAAAAAAAAAAAAAAAAAAAAAAAAAAAAAAAAAAAAAAAAAAAAAAAAAAL7NV"], data:500
   15: [Diagnostic Event] contract:CAAAAAAAAAAAAAAAAAAAAAAAAAAAAAAAAAAAAAAAAAAAAAAAAAAAMDR4, topics:[fn_call, Bytes(d63a954726751a876d37290072af1ee723d7d761eec3bf4191849d2116acdc73), transfer], data:[CAAAAAAAAAAAAAAAAAAAAAAAAAAAAAAAAAAAAAAAAAAAAAAAAAAAFCT4, CAAAAAAAAAAAAAAAAAAAAAAAAAAAAAAAAAAAAAAAAAAAAAAAAAAAMDR4, 500]
   16: [Diagnostic Event] topics:[fn_call, Bytes(0000000000000000000000000000000000000000000000000000000000000006), lock], data:[1, CAAAAAAAAAAAAAAAAAAAAAAAAAAAAAAAAAAAAAAAAAAAAAAAAAAAFCT4, CAAAAAAAAAAAAAAAAAAAAAAAAAAAAAAAAAAAAAAAAAAAAAAAAAAAHK3M, CDLDVFKHEZ2RVB3NG4UQA4VPD3TSHV6XMHXMHP2BSGCJ2IIWVTOHGDSG, 500]
   17: [Diagnostic Event] contract:CDLDVFKHEZ2RVB3NG4UQA4VPD3TSHV6XMHXMHP2BSGCJ2IIWVTOHGDSG, topics:[fn_return, mint], data:Void
   18: [Contract Event] contract:CDLDVFKHEZ2RVB3NG4UQA4VPD3TSHV6XMHXMHP2BSGCJ2IIWVTOHGDSG, topics:[mint, CAAAAAAAAAAAAAAAAAAAAAAAAAAAAAAAAAAAAAAAAAAAAAAAAAAAD2KM, CAAAAAAAAAAAAAAAAAAAAAAAAAAAAAAAAAAAAAAAAAAAAAAAAAAAFCT4, "aaa:GAAAAAAAAAAAAAAAAAAAAAAAAAAAAAAAAAAAAAAAAAAAAAAAAAAAL7NV"], data:1000
   19: [Diagnostic Event] topics:[fn_call, Bytes(d63a954726751a876d37290072af1ee723d7d761eec3bf4191849d2116acdc73), mint], data:[CAAAAAAAAAAAAAAAAAAAAAAAAAAAAAAAAAAAAAAAAAAAAAAAAAAAFCT4, 1000]
   20: [Diagnostic Event] contract:CDLDVFKHEZ2RVB3NG4UQA4VPD3TSHV6XMHXMHP2BSGCJ2IIWVTOHGDSG, topics:[fn_return, set_admin], data:Void
   21: [Contract Event] contract:CDLDVFKHEZ2RVB3NG4UQA4VPD3TSHV6XMHXMHP2BSGCJ2IIWVTOHGDSG, topics:[set_admin, GAAAAAAAAAAAAAAAAAAAAAAAAAAAAAAAAAAAAAAAAAAAAAAAAAAAL7NV, "aaa:GAAAAAAAAAAAAAAAAAAAAAAAAAAAAAAAAAAAAAAAAAAAAAAAAAAAL7NV"], data:CAAAAAAAAAAAAAAAAAAAAAAAAAAAAAAAAAAAAAAAAAAAAAAAAAAAD2KM
   22: [Diagnostic Event] topics:[fn_call, Bytes(d63a954726751a876d37290072af1ee723d7d761eec3bf4191849d2116acdc73), set_admin], data:CAAAAAAAAAAAAAAAAAAAAAAAAAAAAAAAAAAAAAAAAAAAAAAAAAAAD2KM
   23: [Diagnostic Event] contract:CDLDVFKHEZ2RVB3NG4UQA4VPD3TSHV6XMHXMHP2BSGCJ2IIWVTOHGDSG, topics:[fn_return, init_asset], data:Void
   24: [Diagnostic Event] topics:[fn_call, Bytes(d63a954726751a876d37290072af1ee723d7d761eec3bf4191849d2116acdc73), init_asset], data:Bytes(0000000161616100000000000000000000000000000000000000000000000000000000000000000000000005)

Backtrace (newest first):
   0: <soroban_env_host::host::Host as soroban_env_common::env::EnvBase>::escalate_error_to_panic
             at /home/hpsarthak87/.cargo/registry/src/index.crates.io-1949cf8c6b5b557f/soroban-env-host-21.2.1/src/host.rs:767:31
   1: soroban_sdk::env::internal::reject_err::{{closure}}
             at /home/hpsarthak87/.cargo/registry/src/index.crates.io-1949cf8c6b5b557f/soroban-sdk-21.7.7/src/env.rs:52:27
   2: core::result::Result<T,E>::map_err
             at /rustc/59807616e1fa2540724bfbac14d7976d7e4a3860/library/core/src/result.rs:968:27
   3: soroban_sdk::env::internal::reject_err
             at /home/hpsarthak87/.cargo/registry/src/index.crates.io-1949cf8c6b5b557f/soroban-sdk-21.7.7/src/env.rs:52:11
   4: <soroban_sdk::env::Env as soroban_env_common::env::Env>::call
             at /home/hpsarthak87/.cargo/registry/src/index.crates.io-1949cf8c6b5b557f/soroban-sdk-21.7.7/src/env.rs:1667:13
   5: soroban_sdk::env::Env::invoke_contract
             at /home/hpsarthak87/.cargo/registry/src/index.crates.io-1949cf8c6b5b557f/soroban-sdk-21.7.7/src/env.rs:379:18
   6: escrow_vault::EscrowVaultClient::release
             at src/lib.rs:29:1
   7: escrow_vault::test::test_double_release_protection
             at src/lib.rs:198:16
   8: escrow_vault::test::test_double_release_protection::{{closure}}
             at src/lib.rs:179:40
   9: core::ops::function::FnOnce::call_once
             at /rustc/59807616e1fa2540724bfbac14d7976d7e4a3860/library/core/src/ops/function.rs:250:5


note: run with `RUST_BACKTRACE=1` environment variable to display a backtrace
Writing test snapshot file for test "test::test_double_release_protection" to "test_snapshots/test/test_double_release_protection.1.json".
test test::test_lock_and_release ... ok
test test::test_double_release_protection - should panic ... ok

test result: ok. 2 passed; 0 failed; 0 ignored; 0 measured; 0 filtered out; finished in 4.91s

